Analysis & Synthesis report for ULA
Thu Oct 25 17:07:33 2018
Quartus Prime Version 18.0.0 Build 614 04/24/2018 SJ Lite Edition


---------------------
; Table of Contents ;
---------------------
  1. Legal Notice
  2. Analysis & Synthesis Summary
  3. Analysis & Synthesis Settings
  4. Parallel Compilation
  5. Analysis & Synthesis Source Files Read
  6. Analysis & Synthesis Resource Usage Summary
  7. Analysis & Synthesis Resource Utilization by Entity
  8. General Register Statistics
  9. Multiplexer Restructuring Statistics (Restructuring Performed)
 10. Post-Synthesis Netlist Statistics for Top Partition
 11. Elapsed Time Per Partition
 12. Analysis & Synthesis Messages



----------------
; Legal Notice ;
----------------
Copyright (C) 2018  Intel Corporation. All rights reserved.
Your use of Intel Corporation's design tools, logic functions 
and other software and tools, and its AMPP partner logic 
functions, and any output files from any of the foregoing 
(including device programming or simulation files), and any 
associated documentation or information are expressly subject 
to the terms and conditions of the Intel Program License 
Subscription Agreement, the Intel Quartus Prime License Agreement,
the Intel FPGA IP License Agreement, or other applicable license
agreement, including, without limitation, that your use is for
the sole purpose of programming logic devices manufactured by
Intel and sold by Intel or its authorized distributors.  Please
refer to the applicable agreement for further details.



+-------------------------------------------------------------------------------+
; Analysis & Synthesis Summary                                                  ;
+---------------------------------+---------------------------------------------+
; Analysis & Synthesis Status     ; Successful - Thu Oct 25 17:07:33 2018       ;
; Quartus Prime Version           ; 18.0.0 Build 614 04/24/2018 SJ Lite Edition ;
; Revision Name                   ; ULA                                         ;
; Top-level Entity Name           ; ULA                                         ;
; Family                          ; Cyclone V                                   ;
; Logic utilization (in ALMs)     ; N/A                                         ;
; Total registers                 ; 0                                           ;
; Total pins                      ; 52                                          ;
; Total virtual pins              ; 0                                           ;
; Total block memory bits         ; 0                                           ;
; Total DSP Blocks                ; 0                                           ;
; Total HSSI RX PCSs              ; 0                                           ;
; Total HSSI PMA RX Deserializers ; 0                                           ;
; Total HSSI TX PCSs              ; 0                                           ;
; Total HSSI PMA TX Serializers   ; 0                                           ;
; Total PLLs                      ; 0                                           ;
; Total DLLs                      ; 0                                           ;
+---------------------------------+---------------------------------------------+


+---------------------------------------------------------------------------------------------------------------------------+
; Analysis & Synthesis Settings                                                                                             ;
+---------------------------------------------------------------------------------+--------------------+--------------------+
; Option                                                                          ; Setting            ; Default Value      ;
+---------------------------------------------------------------------------------+--------------------+--------------------+
; Device                                                                          ; 5CGXFC7C7F23C8     ;                    ;
; Top-level entity name                                                           ; ULA                ; ULA                ;
; Family name                                                                     ; Cyclone V          ; Cyclone V          ;
; Use smart compilation                                                           ; Off                ; Off                ;
; Enable parallel Assembler and Timing Analyzer during compilation                ; On                 ; On                 ;
; Enable compact report table                                                     ; Off                ; Off                ;
; Restructure Multiplexers                                                        ; Auto               ; Auto               ;
; MLAB Add Timing Constraints For Mixed-Port Feed-Through Mode Setting Don't Care ; Off                ; Off                ;
; Create Debugging Nodes for IP Cores                                             ; Off                ; Off                ;
; Preserve fewer node names                                                       ; On                 ; On                 ;
; Intel FPGA IP Evaluation Mode                                                   ; Enable             ; Enable             ;
; Verilog Version                                                                 ; Verilog_2001       ; Verilog_2001       ;
; VHDL Version                                                                    ; VHDL_1993          ; VHDL_1993          ;
; State Machine Processing                                                        ; Auto               ; Auto               ;
; Safe State Machine                                                              ; Off                ; Off                ;
; Extract Verilog State Machines                                                  ; On                 ; On                 ;
; Extract VHDL State Machines                                                     ; On                 ; On                 ;
; Ignore Verilog initial constructs                                               ; Off                ; Off                ;
; Iteration limit for constant Verilog loops                                      ; 5000               ; 5000               ;
; Iteration limit for non-constant Verilog loops                                  ; 250                ; 250                ;
; Add Pass-Through Logic to Inferred RAMs                                         ; On                 ; On                 ;
; Infer RAMs from Raw Logic                                                       ; On                 ; On                 ;
; Parallel Synthesis                                                              ; On                 ; On                 ;
; DSP Block Balancing                                                             ; Auto               ; Auto               ;
; NOT Gate Push-Back                                                              ; On                 ; On                 ;
; Power-Up Don't Care                                                             ; On                 ; On                 ;
; Remove Redundant Logic Cells                                                    ; Off                ; Off                ;
; Remove Duplicate Registers                                                      ; On                 ; On                 ;
; Ignore CARRY Buffers                                                            ; Off                ; Off                ;
; Ignore CASCADE Buffers                                                          ; Off                ; Off                ;
; Ignore GLOBAL Buffers                                                           ; Off                ; Off                ;
; Ignore ROW GLOBAL Buffers                                                       ; Off                ; Off                ;
; Ignore LCELL Buffers                                                            ; Off                ; Off                ;
; Ignore SOFT Buffers                                                             ; On                 ; On                 ;
; Limit AHDL Integers to 32 Bits                                                  ; Off                ; Off                ;
; Optimization Technique                                                          ; Balanced           ; Balanced           ;
; Carry Chain Length                                                              ; 70                 ; 70                 ;
; Auto Carry Chains                                                               ; On                 ; On                 ;
; Auto Open-Drain Pins                                                            ; On                 ; On                 ;
; Perform WYSIWYG Primitive Resynthesis                                           ; Off                ; Off                ;
; Auto ROM Replacement                                                            ; On                 ; On                 ;
; Auto RAM Replacement                                                            ; On                 ; On                 ;
; Auto DSP Block Replacement                                                      ; On                 ; On                 ;
; Auto Shift Register Replacement                                                 ; Auto               ; Auto               ;
; Allow Shift Register Merging across Hierarchies                                 ; Auto               ; Auto               ;
; Auto Clock Enable Replacement                                                   ; On                 ; On                 ;
; Strict RAM Replacement                                                          ; Off                ; Off                ;
; Allow Synchronous Control Signals                                               ; On                 ; On                 ;
; Force Use of Synchronous Clear Signals                                          ; Off                ; Off                ;
; Auto Resource Sharing                                                           ; Off                ; Off                ;
; Allow Any RAM Size For Recognition                                              ; Off                ; Off                ;
; Allow Any ROM Size For Recognition                                              ; Off                ; Off                ;
; Allow Any Shift Register Size For Recognition                                   ; Off                ; Off                ;
; Use LogicLock Constraints during Resource Balancing                             ; On                 ; On                 ;
; Ignore translate_off and synthesis_off directives                               ; Off                ; Off                ;
; Timing-Driven Synthesis                                                         ; On                 ; On                 ;
; Report Parameter Settings                                                       ; On                 ; On                 ;
; Report Source Assignments                                                       ; On                 ; On                 ;
; Report Connectivity Checks                                                      ; On                 ; On                 ;
; Ignore Maximum Fan-Out Assignments                                              ; Off                ; Off                ;
; Synchronization Register Chain Length                                           ; 3                  ; 3                  ;
; Power Optimization During Synthesis                                             ; Normal compilation ; Normal compilation ;
; HDL message level                                                               ; Level2             ; Level2             ;
; Suppress Register Optimization Related Messages                                 ; Off                ; Off                ;
; Number of Removed Registers Reported in Synthesis Report                        ; 5000               ; 5000               ;
; Number of Swept Nodes Reported in Synthesis Report                              ; 5000               ; 5000               ;
; Number of Inverted Registers Reported in Synthesis Report                       ; 100                ; 100                ;
; Clock MUX Protection                                                            ; On                 ; On                 ;
; Auto Gated Clock Conversion                                                     ; Off                ; Off                ;
; Block Design Naming                                                             ; Auto               ; Auto               ;
; SDC constraint protection                                                       ; Off                ; Off                ;
; Synthesis Effort                                                                ; Auto               ; Auto               ;
; Shift Register Replacement - Allow Asynchronous Clear Signal                    ; On                 ; On                 ;
; Pre-Mapping Resynthesis Optimization                                            ; Off                ; Off                ;
; Analysis & Synthesis Message Level                                              ; Medium             ; Medium             ;
; Disable Register Merging Across Hierarchies                                     ; Auto               ; Auto               ;
; Resource Aware Inference For Block RAM                                          ; On                 ; On                 ;
; Automatic Parallel Synthesis                                                    ; On                 ; On                 ;
; Partial Reconfiguration Bitstream ID                                            ; Off                ; Off                ;
+---------------------------------------------------------------------------------+--------------------+--------------------+


+------------------------------------------+
; Parallel Compilation                     ;
+----------------------------+-------------+
; Processors                 ; Number      ;
+----------------------------+-------------+
; Number detected on machine ; 4           ;
; Maximum allowed            ; 2           ;
;                            ;             ;
; Average used               ; 1.00        ;
; Maximum used               ; 1           ;
;                            ;             ;
; Usage by Processor         ; % Time Used ;
;     Processor 1            ; 100.0%      ;
+----------------------------+-------------+


+------------------------------------------------------------------------------------------------------------------+
; Analysis & Synthesis Source Files Read                                                                           ;
+----------------------------------+-----------------+-----------------+---------------------------------+---------+
; File Name with User-Entered Path ; Used in Netlist ; File Type       ; File Name with Absolute Path    ; Library ;
+----------------------------------+-----------------+-----------------+---------------------------------+---------+
; ../Subtrador/Sub.vhd             ; yes             ; User VHDL File  ; G:/VHDL/Subtrador/Sub.vhd       ;         ;
; ../Shift2R/Shift2R.vhd           ; yes             ; User VHDL File  ; G:/VHDL/Shift2R/Shift2R.vhd     ;         ;
; ../Shift 2L/Shifter2L.vhd        ; yes             ; User VHDL File  ; G:/VHDL/Shift 2L/Shifter2L.vhd  ;         ;
; ../Somador16/Somador16.vhd       ; yes             ; User VHDL File  ; G:/VHDL/Somador16/Somador16.vhd ;         ;
; ../Multplx 12/Mux_12.vhd         ; yes             ; User VHDL File  ; G:/VHDL/Multplx 12/Mux_12.vhd   ;         ;
; ../XOR/PortXor.vhd               ; yes             ; User VHDL File  ; G:/VHDL/XOR/PortXor.vhd         ;         ;
; ../NOR/PortNOR.vhd               ; yes             ; User VHDL File  ; G:/VHDL/NOR/PortNOR.vhd         ;         ;
; ../NAND/NotAnd.vhd               ; yes             ; User VHDL File  ; G:/VHDL/NAND/NotAnd.vhd         ;         ;
; ../NOT/PortNot.vhd               ; yes             ; User VHDL File  ; G:/VHDL/NOT/PortNot.vhd         ;         ;
; ../OR/PortOr.vhd                 ; yes             ; User VHDL File  ; G:/VHDL/OR/PortOr.vhd           ;         ;
; ../AND/QAnd.vhd                  ; yes             ; User VHDL File  ; G:/VHDL/AND/QAnd.vhd            ;         ;
; ULA.vhd                          ; yes             ; User VHDL File  ; G:/VHDL/ULA/ULA.vhd             ;         ;
+----------------------------------+-----------------+-----------------+---------------------------------+---------+


+-----------------------------------------------------------+
; Analysis & Synthesis Resource Usage Summary               ;
+---------------------------------------------+-------------+
; Resource                                    ; Usage       ;
+---------------------------------------------+-------------+
; Estimate of Logic utilization (ALMs needed) ; 47          ;
;                                             ;             ;
; Combinational ALUT usage for logic          ; 64          ;
;     -- 7 input functions                    ; 6           ;
;     -- 6 input functions                    ; 24          ;
;     -- 5 input functions                    ; 2           ;
;     -- 4 input functions                    ; 0           ;
;     -- <=3 input functions                  ; 32          ;
;                                             ;             ;
; Dedicated logic registers                   ; 0           ;
;                                             ;             ;
; I/O pins                                    ; 52          ;
;                                             ;             ;
; Total DSP Blocks                            ; 0           ;
;                                             ;             ;
; Maximum fan-out node                        ; Se[0]~input ;
; Maximum fan-out                             ; 49          ;
; Total fan-out                               ; 389         ;
; Average fan-out                             ; 2.32        ;
+---------------------------------------------+-------------+


+----------------------------------------------------------------------------------------------------------------------------------------------------------------------------------------+
; Analysis & Synthesis Resource Utilization by Entity                                                                                                                                    ;
+----------------------------+---------------------+---------------------------+-------------------+------------+------+--------------+---------------------+-------------+--------------+
; Compilation Hierarchy Node ; Combinational ALUTs ; Dedicated Logic Registers ; Block Memory Bits ; DSP Blocks ; Pins ; Virtual Pins ; Full Hierarchy Name ; Entity Name ; Library Name ;
+----------------------------+---------------------+---------------------------+-------------------+------------+------+--------------+---------------------+-------------+--------------+
; |ULA                       ; 64 (0)              ; 0 (0)                     ; 0                 ; 0          ; 52   ; 0            ; |ULA                ; ULA         ; work         ;
;    |Mux_12:G13|            ; 35 (35)             ; 0 (0)                     ; 0                 ; 0          ; 0    ; 0            ; |ULA|Mux_12:G13     ; Mux_12      ; work         ;
;    |Sub16:G12|             ; 29 (29)             ; 0 (0)                     ; 0                 ; 0          ; 0    ; 0            ; |ULA|Sub16:G12      ; Sub16       ; work         ;
+----------------------------+---------------------+---------------------------+-------------------+------------+------+--------------+---------------------+-------------+--------------+
Note: For table entries with two numbers listed, the numbers in parentheses indicate the number of resources of the given type used by the specific entity alone. The numbers listed outside of parentheses indicate the total resources of the given type used by the specific entity and all of its sub-entities in the hierarchy.


+------------------------------------------------------+
; General Register Statistics                          ;
+----------------------------------------------+-------+
; Statistic                                    ; Value ;
+----------------------------------------------+-------+
; Total registers                              ; 0     ;
; Number of registers using Synchronous Clear  ; 0     ;
; Number of registers using Synchronous Load   ; 0     ;
; Number of registers using Asynchronous Clear ; 0     ;
; Number of registers using Asynchronous Load  ; 0     ;
; Number of registers using Clock Enable       ; 0     ;
; Number of registers using Preset             ; 0     ;
+----------------------------------------------+-------+


+------------------------------------------------------------------------------------------------------------------------------------------+
; Multiplexer Restructuring Statistics (Restructuring Performed)                                                                           ;
+--------------------+-----------+---------------+----------------------+------------------------+------------+----------------------------+
; Multiplexer Inputs ; Bus Width ; Baseline Area ; Area if Restructured ; Saving if Restructured ; Registered ; Example Multiplexer Output ;
+--------------------+-----------+---------------+----------------------+------------------------+------------+----------------------------+
; 1:1                ; 16 bits   ; 0 LEs         ; 0 LEs                ; 0 LEs                  ; No         ; |ULA|Sub16:G12|Add0        ;
+--------------------+-----------+---------------+----------------------+------------------------+------------+----------------------------+


+-----------------------------------------------------+
; Post-Synthesis Netlist Statistics for Top Partition ;
+-----------------------+-----------------------------+
; Type                  ; Count                       ;
+-----------------------+-----------------------------+
; arriav_io_obuf        ; 16                          ;
; arriav_lcell_comb     ; 64                          ;
;     arith             ; 17                          ;
;         1 data inputs ; 1                           ;
;         3 data inputs ; 16                          ;
;     extend            ; 6                           ;
;         7 data inputs ; 6                           ;
;     normal            ; 41                          ;
;         2 data inputs ; 1                           ;
;         3 data inputs ; 14                          ;
;         5 data inputs ; 2                           ;
;         6 data inputs ; 24                          ;
; boundary_port         ; 52                          ;
;                       ;                             ;
; Max LUT depth         ; 4.60                        ;
; Average LUT depth     ; 3.01                        ;
+-----------------------+-----------------------------+


+-------------------------------+
; Elapsed Time Per Partition    ;
+----------------+--------------+
; Partition Name ; Elapsed Time ;
+----------------+--------------+
; Top            ; 00:00:01     ;
+----------------+--------------+


+-------------------------------+
; Analysis & Synthesis Messages ;
+-------------------------------+
Info: *******************************************************************
Info: Running Quartus Prime Analysis & Synthesis
    Info: Version 18.0.0 Build 614 04/24/2018 SJ Lite Edition
    Info: Processing started: Thu Oct 25 17:07:06 2018
Info: Command: quartus_map --read_settings_files=on --write_settings_files=off ULA -c ULA
Warning (18236): Number of processors has not been specified which may cause overloading on shared machines.  Set the global assignment NUM_PARALLEL_PROCESSORS in your QSF to an appropriate value for best performance.
Info (20030): Parallel compilation is enabled and will use 2 of the 2 processors detected
Info (12021): Found 2 design units, including 1 entities, in source file /vhdl/subtrador/sub.vhd
    Info (12022): Found design unit 1: Sub16-behavior File: G:/VHDL/Subtrador/Sub.vhd Line: 14
    Info (12023): Found entity 1: Sub16 File: G:/VHDL/Subtrador/Sub.vhd Line: 5
Info (12021): Found 2 design units, including 1 entities, in source file /vhdl/shift2r/shift2r.vhd
    Info (12022): Found design unit 1: Shift2R-behavior File: G:/VHDL/Shift2R/Shift2R.vhd Line: 13
    Info (12023): Found entity 1: Shift2R File: G:/VHDL/Shift2R/Shift2R.vhd Line: 4
Info (12021): Found 2 design units, including 1 entities, in source file /vhdl/shift 2l/shifter2l.vhd
    Info (12022): Found design unit 1: Shifter2L-behavior File: G:/VHDL/Shift 2L/Shifter2L.vhd Line: 13
    Info (12023): Found entity 1: Shifter2L File: G:/VHDL/Shift 2L/Shifter2L.vhd Line: 5
Info (12021): Found 2 design units, including 1 entities, in source file /vhdl/somador16/somador16.vhd
    Info (12022): Found design unit 1: Somador16-behavior File: G:/VHDL/Somador16/Somador16.vhd Line: 14
    Info (12023): Found entity 1: Somador16 File: G:/VHDL/Somador16/Somador16.vhd Line: 5
Info (12021): Found 2 design units, including 1 entities, in source file /vhdl/multplx 12/mux_12.vhd
    Info (12022): Found design unit 1: Mux_12-behavior File: G:/VHDL/Multplx 12/Mux_12.vhd Line: 13
    Info (12023): Found entity 1: Mux_12 File: G:/VHDL/Multplx 12/Mux_12.vhd Line: 4
Info (12021): Found 2 design units, including 1 entities, in source file /vhdl/xor/portxor.vhd
    Info (12022): Found design unit 1: PortXor-behavior File: G:/VHDL/XOR/PortXor.vhd Line: 13
    Info (12023): Found entity 1: PortXor File: G:/VHDL/XOR/PortXor.vhd Line: 4
Info (12021): Found 2 design units, including 1 entities, in source file /vhdl/nor/portnor.vhd
    Info (12022): Found design unit 1: PortNOR-behavior File: G:/VHDL/NOR/PortNOR.vhd Line: 13
    Info (12023): Found entity 1: PortNOR File: G:/VHDL/NOR/PortNOR.vhd Line: 4
Info (12021): Found 2 design units, including 1 entities, in source file /vhdl/nand/notand.vhd
    Info (12022): Found design unit 1: NotAnd-behavior File: G:/VHDL/NAND/NotAnd.vhd Line: 13
    Info (12023): Found entity 1: NotAnd File: G:/VHDL/NAND/NotAnd.vhd Line: 4
Info (12021): Found 2 design units, including 1 entities, in source file /vhdl/not/portnot.vhd
    Info (12022): Found design unit 1: PortNot-behavior File: G:/VHDL/NOT/PortNot.vhd Line: 12
    Info (12023): Found entity 1: PortNot File: G:/VHDL/NOT/PortNot.vhd Line: 4
Info (12021): Found 2 design units, including 1 entities, in source file /vhdl/or/portor.vhd
    Info (12022): Found design unit 1: PortOr-behavior File: G:/VHDL/OR/PortOr.vhd Line: 14
    Info (12023): Found entity 1: PortOr File: G:/VHDL/OR/PortOr.vhd Line: 5
Info (12021): Found 2 design units, including 1 entities, in source file /vhdl/and/qand.vhd
    Info (12022): Found design unit 1: QAnd-behavior File: G:/VHDL/AND/QAnd.vhd Line: 11
    Info (12023): Found entity 1: QAnd File: G:/VHDL/AND/QAnd.vhd Line: 4
Info (12021): Found 2 design units, including 1 entities, in source file ula.vhd
    Info (12022): Found design unit 1: ULA-behavior File: G:/VHDL/ULA/ULA.vhd Line: 15
    Info (12023): Found entity 1: ULA File: G:/VHDL/ULA/ULA.vhd Line: 5
Info (12127): Elaborating entity "ULA" for the top level hierarchy
Info (12128): Elaborating entity "QAnd" for hierarchy "QAnd:G1" File: G:/VHDL/ULA/ULA.vhd Line: 111
Info (12128): Elaborating entity "PortOr" for hierarchy "PortOr:G2" File: G:/VHDL/ULA/ULA.vhd Line: 112
Info (12128): Elaborating entity "PortNot" for hierarchy "PortNot:G3" File: G:/VHDL/ULA/ULA.vhd Line: 113
Info (12128): Elaborating entity "NotAnd" for hierarchy "NotAnd:G4" File: G:/VHDL/ULA/ULA.vhd Line: 114
Info (12128): Elaborating entity "PortNOR" for hierarchy "PortNOR:G5" File: G:/VHDL/ULA/ULA.vhd Line: 115
Info (12128): Elaborating entity "PortXor" for hierarchy "PortXor:G6" File: G:/VHDL/ULA/ULA.vhd Line: 116
Info (12128): Elaborating entity "Shift2R" for hierarchy "Shift2R:G7" File: G:/VHDL/ULA/ULA.vhd Line: 117
Info (12128): Elaborating entity "Shifter2L" for hierarchy "Shifter2L:G8" File: G:/VHDL/ULA/ULA.vhd Line: 118
Info (12128): Elaborating entity "Somador16" for hierarchy "Somador16:G11" File: G:/VHDL/ULA/ULA.vhd Line: 121
Info (12128): Elaborating entity "Sub16" for hierarchy "Sub16:G12" File: G:/VHDL/ULA/ULA.vhd Line: 122
Info (12128): Elaborating entity "Mux_12" for hierarchy "Mux_12:G13" File: G:/VHDL/ULA/ULA.vhd Line: 123
Info (286030): Timing-Driven Synthesis is running
Info (16010): Generating hard_block partition "hard_block:auto_generated_inst"
    Info (16011): Adding 0 node(s), including 0 DDIO, 0 PLL, 0 transceiver and 0 LCELL
Info (21057): Implemented 116 device resources after synthesis - the final resource count might be different
    Info (21058): Implemented 36 input pins
    Info (21059): Implemented 16 output pins
    Info (21061): Implemented 64 logic cells
Info: Quartus Prime Analysis & Synthesis was successful. 0 errors, 1 warning
    Info: Peak virtual memory: 4880 megabytes
    Info: Processing ended: Thu Oct 25 17:07:34 2018
    Info: Elapsed time: 00:00:28
    Info: Total CPU time (on all processors): 00:00:51


